// Jest Snapshot v1, https://goo.gl/fbAQLP

exports[`The Button works! 1`] = `
<button
  className="Button__StyledButton-sc-4zekuf-0 jFyzKS"
  onClick={[Function]}
>
  Click me
</button>
`;
